<?xml version="1.0" encoding="utf-8"?><testsuites name="pytest tests"><testsuite name="pytest" errors="0" failures="0" skipped="0" tests="108" time="1.587" timestamp="2026-01-05T07:43:32.184209+00:00" hostname="Ranjiths-MacBook-Pro.local"><testcase classname="tests.prtd1.blackbox.test_boundary_value_prtd1" name="test_bva_passengers_lower_boundary_1_ok" time="0.026" /><testcase classname="tests.prtd1.blackbox.test_boundary_value_prtd1" name="test_bva_passengers_0_rejected" time="0.017" /><testcase classname="tests.prtd1.blackbox.test_boundary_value_prtd1" name="test_bva_invalid_seat_rejected" time="0.017" /><testcase classname="tests.prtd1.blackbox.test_decision_table_payment_prtd1" name="test_dt_payment_success_marks_paid" time="0.020" /><testcase classname="tests.prtd1.blackbox.test_decision_table_payment_prtd1" name="test_dt_payment_timeout_keeps_pending" time="0.019" /><testcase classname="tests.prtd1.blackbox.test_decision_table_payment_prtd1" name="test_dt_payment_insufficient_keeps_pending" time="0.019" /><testcase classname="tests.prtd1.blackbox.test_decision_table_payment_prtd1" name="test_dt_payment_fraud_keeps_pending" time="0.019" /><testcase classname="tests.prtd1.blackbox.test_equivalence_partition_prtd1" name="test_ep_register_valid_then_login_success" time="0.020" /><testcase classname="tests.prtd1.blackbox.test_equivalence_partition_prtd1" name="test_ep_register_invalid_email_rejected" time="0.018" /><testcase classname="tests.prtd1.blackbox.test_equivalence_partition_prtd1" name="test_ep_register_weak_password_rejected" time="0.018" /><testcase classname="tests.prtd1.blackbox.test_equivalence_partition_prtd1" name="test_ep_search_valid_inputs_returns_ok_message" time="0.016" /><testcase classname="tests.prtd1.blackbox.test_random_prtd1" name="test_random_search_does_not_crash" time="0.019" /><testcase classname="tests.prtd1.blackbox.test_state_transition_prtd1" name="test_st_pending_to_paid" time="0.020" /><testcase classname="tests.prtd1.blackbox.test_state_transition_prtd1" name="test_st_pending_to_cancelled" time="0.019" /><testcase classname="tests.prtd1.whitebox.branch_coverage.test_branch_flights_prtd1" name="test_seed_then_list_and_search" time="0.017" /><testcase classname="tests.prtd1.whitebox.concolic_testing.test_concolic_process_payment_prtd1" name="test_concolic_concrete_then_mutate_to_flip_branch" time="0.001" /><testcase classname="tests.prtd1.whitebox.path_coverage.test_path_booking_payment_prtd1" name="test_create_booking_then_pay_success" time="0.019" /><testcase classname="tests.prtd1.whitebox.path_coverage.test_path_booking_payment_prtd1" name="test_pay_timeout_keeps_pending" time="0.017" /><testcase classname="tests.prtd1.whitebox.statement_coverage.test_statement_auth_prtd1" name="test_register_success_then_login_success" time="0.003" /><testcase classname="tests.prtd1.whitebox.statement_coverage.test_statement_auth_prtd1" name="test_login_lockout_after_three_failures" time="0.004" /><testcase classname="tests.prtd1.whitebox.statement_coverage.test_statement_pricing_prtd1" name="test_dynamic_price_never_below_1" time="0.001" /><testcase classname="tests.prtd1.whitebox.statement_coverage.test_statement_pricing_prtd1" name="test_dynamic_price_group_discount" time="0.001" /><testcase classname="tests.prtd1.whitebox.symbolic_execution.test_symbolic_process_payment_prtd1" name="test_symbolic_paths_process_payment[0--False-AMOUNT]" time="0.001" /><testcase classname="tests.prtd1.whitebox.symbolic_execution.test_symbolic_process_payment_prtd1" name="test_symbolic_paths_process_payment[100-timeout-False-TIMEOUT]" time="0.002" /><testcase classname="tests.prtd1.whitebox.symbolic_execution.test_symbolic_process_payment_prtd1" name="test_symbolic_paths_process_payment[100-insufficient-False-FUNDS]" time="0.002" /><testcase classname="tests.prtd1.whitebox.symbolic_execution.test_symbolic_process_payment_prtd1" name="test_symbolic_paths_process_payment[100-fraud-False-FRAUD]" time="0.002" /><testcase classname="tests.prtd1.whitebox.symbolic_execution.test_symbolic_process_payment_prtd1" name="test_symbolic_paths_process_payment[100--True-]" time="0.001" /><testcase classname="tests.skl36.blackbox.test_boundary_value_skl36" name="test_bva_passengers_lower_boundary_1_ok" time="0.020" /><testcase classname="tests.skl36.blackbox.test_boundary_value_skl36" name="test_bva_passengers_0_rejected" time="0.018" /><testcase classname="tests.skl36.blackbox.test_boundary_value_skl36" name="test_bva_invalid_seat_rejected" time="0.017" /><testcase classname="tests.skl36.blackbox.test_decision_table_payment_skl36" name="test_dt_payment_success_marks_paid" time="0.022" /><testcase classname="tests.skl36.blackbox.test_decision_table_payment_skl36" name="test_dt_payment_timeout_keeps_pending" time="0.021" /><testcase classname="tests.skl36.blackbox.test_decision_table_payment_skl36" name="test_dt_payment_insufficient_keeps_pending" time="0.020" /><testcase classname="tests.skl36.blackbox.test_decision_table_payment_skl36" name="test_dt_payment_fraud_keeps_pending" time="0.021" /><testcase classname="tests.skl36.blackbox.test_equivalence_partition_skl36" name="test_ep_register_valid_then_login_success" time="0.019" /><testcase classname="tests.skl36.blackbox.test_equivalence_partition_skl36" name="test_ep_register_invalid_email_rejected" time="0.016" /><testcase classname="tests.skl36.blackbox.test_equivalence_partition_skl36" name="test_ep_register_weak_password_rejected" time="0.016" /><testcase classname="tests.skl36.blackbox.test_equivalence_partition_skl36" name="test_ep_search_valid_inputs_returns_ok_message" time="0.018" /><testcase classname="tests.skl36.blackbox.test_random_skl36" name="test_random_search_does_not_crash" time="0.021" /><testcase classname="tests.skl36.blackbox.test_state_transition_skl36" name="test_st_pending_to_paid" time="0.021" /><testcase classname="tests.skl36.blackbox.test_state_transition_skl36" name="test_st_pending_to_cancelled" time="0.018" /><testcase classname="tests.skl36.whitebox.branch_coverage.test_branch_flights_skl36" name="test_seed_then_list_and_search" time="0.018" /><testcase classname="tests.skl36.whitebox.concolic_testing.test_concolic_process_payment_skl36" name="test_concolic_concrete_then_mutate_to_flip_branch" time="0.001" /><testcase classname="tests.skl36.whitebox.path_coverage.test_path_booking_payment_skl36" name="test_create_booking_then_pay_success" time="0.019" /><testcase classname="tests.skl36.whitebox.path_coverage.test_path_booking_payment_skl36" name="test_pay_timeout_keeps_pending" time="0.019" /><testcase classname="tests.skl36.whitebox.statement_coverage.test_statement_auth_skl36" name="test_register_success_then_login_success" time="0.002" /><testcase classname="tests.skl36.whitebox.statement_coverage.test_statement_auth_skl36" name="test_login_lockout_after_three_failures" time="0.004" /><testcase classname="tests.skl36.whitebox.statement_coverage.test_statement_pricing_skl36" name="test_dynamic_price_never_below_1" time="0.001" /><testcase classname="tests.skl36.whitebox.statement_coverage.test_statement_pricing_skl36" name="test_dynamic_price_group_discount" time="0.001" /><testcase classname="tests.skl36.whitebox.symbolic_execution.test_symbolic_process_payment_skl36" name="test_symbolic_paths_process_payment[0--False-AMOUNT]" time="0.001" /><testcase classname="tests.skl36.whitebox.symbolic_execution.test_symbolic_process_payment_skl36" name="test_symbolic_paths_process_payment[100-timeout-False-TIMEOUT]" time="0.001" /><testcase classname="tests.skl36.whitebox.symbolic_execution.test_symbolic_process_payment_skl36" name="test_symbolic_paths_process_payment[100-insufficient-False-FUNDS]" time="0.002" /><testcase classname="tests.skl36.whitebox.symbolic_execution.test_symbolic_process_payment_skl36" name="test_symbolic_paths_process_payment[100-fraud-False-FRAUD]" time="0.001" /><testcase classname="tests.skl36.whitebox.symbolic_execution.test_symbolic_process_payment_skl36" name="test_symbolic_paths_process_payment[100--True-]" time="0.002" /><testcase classname="tests.skrs3.blackbox.test_boundary_value_skrs3" name="test_bva_passengers_lower_boundary_1_ok" time="0.018" /><testcase classname="tests.skrs3.blackbox.test_boundary_value_skrs3" name="test_bva_passengers_0_rejected" time="0.018" /><testcase classname="tests.skrs3.blackbox.test_boundary_value_skrs3" name="test_bva_invalid_seat_rejected" time="0.016" /><testcase classname="tests.skrs3.blackbox.test_decision_table_payment_skrs3" name="test_dt_payment_success_marks_paid" time="0.020" /><testcase classname="tests.skrs3.blackbox.test_decision_table_payment_skrs3" name="test_dt_payment_timeout_keeps_pending" time="0.020" /><testcase classname="tests.skrs3.blackbox.test_decision_table_payment_skrs3" name="test_dt_payment_insufficient_keeps_pending" time="0.019" /><testcase classname="tests.skrs3.blackbox.test_decision_table_payment_skrs3" name="test_dt_payment_fraud_keeps_pending" time="0.020" /><testcase classname="tests.skrs3.blackbox.test_equivalence_partition_skrs3" name="test_ep_register_valid_then_login_success" time="0.018" /><testcase classname="tests.skrs3.blackbox.test_equivalence_partition_skrs3" name="test_ep_register_invalid_email_rejected" time="0.015" /><testcase classname="tests.skrs3.blackbox.test_equivalence_partition_skrs3" name="test_ep_register_weak_password_rejected" time="0.016" /><testcase classname="tests.skrs3.blackbox.test_equivalence_partition_skrs3" name="test_ep_search_valid_inputs_returns_ok_message" time="0.016" /><testcase classname="tests.skrs3.blackbox.test_random_skrs3" name="test_random_search_does_not_crash" time="0.020" /><testcase classname="tests.skrs3.blackbox.test_state_transition_skrs3" name="test_st_pending_to_paid" time="0.022" /><testcase classname="tests.skrs3.blackbox.test_state_transition_skrs3" name="test_st_pending_to_cancelled" time="0.021" /><testcase classname="tests.skrs3.whitebox.branch_coverage.test_branch_flights_skrs3" name="test_seed_then_list_and_search" time="0.016" /><testcase classname="tests.skrs3.whitebox.concolic_testing.test_concolic_process_payment_skrs3" name="test_concolic_concrete_then_mutate_to_flip_branch" time="0.001" /><testcase classname="tests.skrs3.whitebox.path_coverage.test_path_booking_payment_skrs3" name="test_create_booking_then_pay_success" time="0.019" /><testcase classname="tests.skrs3.whitebox.path_coverage.test_path_booking_payment_skrs3" name="test_pay_timeout_keeps_pending" time="0.021" /><testcase classname="tests.skrs3.whitebox.statement_coverage.test_statement_auth_skrs3" name="test_register_success_then_login_success" time="0.002" /><testcase classname="tests.skrs3.whitebox.statement_coverage.test_statement_auth_skrs3" name="test_login_lockout_after_three_failures" time="0.004" /><testcase classname="tests.skrs3.whitebox.statement_coverage.test_statement_pricing_skrs3" name="test_dynamic_price_never_below_1" time="0.001" /><testcase classname="tests.skrs3.whitebox.statement_coverage.test_statement_pricing_skrs3" name="test_dynamic_price_group_discount" time="0.001" /><testcase classname="tests.skrs3.whitebox.symbolic_execution.test_symbolic_process_payment_skrs3" name="test_symbolic_paths_process_payment[0--False-AMOUNT]" time="0.002" /><testcase classname="tests.skrs3.whitebox.symbolic_execution.test_symbolic_process_payment_skrs3" name="test_symbolic_paths_process_payment[100-timeout-False-TIMEOUT]" time="0.001" /><testcase classname="tests.skrs3.whitebox.symbolic_execution.test_symbolic_process_payment_skrs3" name="test_symbolic_paths_process_payment[100-insufficient-False-FUNDS]" time="0.001" /><testcase classname="tests.skrs3.whitebox.symbolic_execution.test_symbolic_process_payment_skrs3" name="test_symbolic_paths_process_payment[100-fraud-False-FRAUD]" time="0.002" /><testcase classname="tests.skrs3.whitebox.symbolic_execution.test_symbolic_process_payment_skrs3" name="test_symbolic_paths_process_payment[100--True-]" time="0.002" /><testcase classname="tests.vrk5.blackbox.test_boundary_value_vrk5" name="test_bva_passengers_lower_boundary_1_ok" time="0.019" /><testcase classname="tests.vrk5.blackbox.test_boundary_value_vrk5" name="test_bva_passengers_0_rejected" time="0.019" /><testcase classname="tests.vrk5.blackbox.test_boundary_value_vrk5" name="test_bva_invalid_seat_rejected" time="0.022" /><testcase classname="tests.vrk5.blackbox.test_decision_table_payment_vrk5" name="test_dt_payment_success_marks_paid" time="0.026" /><testcase classname="tests.vrk5.blackbox.test_decision_table_payment_vrk5" name="test_dt_payment_timeout_keeps_pending" time="0.032" /><testcase classname="tests.vrk5.blackbox.test_decision_table_payment_vrk5" name="test_dt_payment_insufficient_keeps_pending" time="0.034" /><testcase classname="tests.vrk5.blackbox.test_decision_table_payment_vrk5" name="test_dt_payment_fraud_keeps_pending" time="0.021" /><testcase classname="tests.vrk5.blackbox.test_equivalence_partition_vrk5" name="test_ep_register_valid_then_login_success" time="0.018" /><testcase classname="tests.vrk5.blackbox.test_equivalence_partition_vrk5" name="test_ep_register_invalid_email_rejected" time="0.016" /><testcase classname="tests.vrk5.blackbox.test_equivalence_partition_vrk5" name="test_ep_register_weak_password_rejected" time="0.016" /><testcase classname="tests.vrk5.blackbox.test_equivalence_partition_vrk5" name="test_ep_search_valid_inputs_returns_ok_message" time="0.015" /><testcase classname="tests.vrk5.blackbox.test_random_vrk5" name="test_random_search_does_not_crash" time="0.019" /><testcase classname="tests.vrk5.blackbox.test_state_transition_vrk5" name="test_st_pending_to_paid" time="0.020" /><testcase classname="tests.vrk5.blackbox.test_state_transition_vrk5" name="test_st_pending_to_cancelled" time="0.019" /><testcase classname="tests.vrk5.whitebox.branch_coverage.test_branch_flights_vrk5" name="test_seed_then_list_and_search" time="0.018" /><testcase classname="tests.vrk5.whitebox.concolic_testing.test_concolic_process_payment_vrk5" name="test_concolic_concrete_then_mutate_to_flip_branch" time="0.001" /><testcase classname="tests.vrk5.whitebox.path_coverage.test_path_booking_payment_vrk5" name="test_create_booking_then_pay_success" time="0.018" /><testcase classname="tests.vrk5.whitebox.path_coverage.test_path_booking_payment_vrk5" name="test_pay_timeout_keeps_pending" time="0.018" /><testcase classname="tests.vrk5.whitebox.statement_coverage.test_statement_auth_vrk5" name="test_register_success_then_login_success" time="0.002" /><testcase classname="tests.vrk5.whitebox.statement_coverage.test_statement_auth_vrk5" name="test_login_lockout_after_three_failures" time="0.004" /><testcase classname="tests.vrk5.whitebox.statement_coverage.test_statement_pricing_vrk5" name="test_dynamic_price_never_below_1" time="0.001" /><testcase classname="tests.vrk5.whitebox.statement_coverage.test_statement_pricing_vrk5" name="test_dynamic_price_group_discount" time="0.001" /><testcase classname="tests.vrk5.whitebox.symbolic_execution.test_symbolic_process_payment_vrk5" name="test_symbolic_paths_process_payment[0--False-AMOUNT]" time="0.001" /><testcase classname="tests.vrk5.whitebox.symbolic_execution.test_symbolic_process_payment_vrk5" name="test_symbolic_paths_process_payment[100-timeout-False-TIMEOUT]" time="0.001" /><testcase classname="tests.vrk5.whitebox.symbolic_execution.test_symbolic_process_payment_vrk5" name="test_symbolic_paths_process_payment[100-insufficient-False-FUNDS]" time="0.001" /><testcase classname="tests.vrk5.whitebox.symbolic_execution.test_symbolic_process_payment_vrk5" name="test_symbolic_paths_process_payment[100-fraud-False-FRAUD]" time="0.001" /><testcase classname="tests.vrk5.whitebox.symbolic_execution.test_symbolic_process_payment_vrk5" name="test_symbolic_paths_process_payment[100--True-]" time="0.001" /></testsuite></testsuites>